@misc{patashnik-bibtexing,
author = "Oren Patashnik",
year = "1988"
}
